(node:25572) [MONGODB DRIVER] Warning: useNewUrlParser is a deprecated option: useNewUrlParser has no effect since Node.js Driver version 4.0.0 and will be removed in the next major version
(Use `node --trace-warnings ...` to show where the warning was created)
(node:25572) [MONGODB DRIVER] Warning: useUnifiedTopology is a deprecated option: useUnifiedTopology has no effect since Node.js Driver version 4.0.0 and will be removed in the next major version
MongoDB Connected: localhost
Initializing blockchain service...
Blockchain network connected successfully
Chain ID: 8546, Block: 42
Smart contracts initialized
Initializing MetaMask accounts...
MetaMask accounts: 0/6 assigned

🌊 Blue Carbon Registry Blockchain Backend Server
🚀 Server running on port 5001
🌍 Environment: development
📊 Health check: http://localhost:5001/health
🔗 API Base URL: http://localhost:5001/api
      
[0mGET /config [32m200[0m 1.380 ms - 300[0m
[0mGET /config [32m200[0m 0.175 ms - 300[0m
[0mGET /config [32m200[0m 0.114 ms - 300[0m
[0mGET /config [32m200[0m 0.148 ms - 300[0m
[0mGET /config [32m200[0m 0.218 ms - 300[0m
[0mGET /config [32m200[0m 0.398 ms - 300[0m
[0mGET /config [32m200[0m 0.303 ms - 300[0m
[0mGET /health [32m200[0m 22.923 ms - 358[0m
[0mGET /health [32m200[0m 22.645 ms - 358[0m
[0mGET /health [32m200[0m 23.495 ms - 358[0m
[0mGET /api/verification/stats [32m200[0m 7.237 ms - 124[0m
[0mGET /api/verification/pending [32m200[0m 13.760 ms - 4608[0m
[0mGET /api/verification/stats [36m304[0m 3.859 ms - -[0m
[0mGET /api/verification/pending [36m304[0m 7.028 ms - -[0m
[0mGET /api/verification/stats [36m304[0m 3.628 ms - -[0m
[0mGET /api/verification/pending [36m304[0m 7.027 ms - -[0m
[0mGET /api/verification/stats [36m304[0m 1.557 ms - -[0m
[0mGET /api/verification/pending [36m304[0m 2.613 ms - -[0m
[0mGET /api/verification/stats [36m304[0m 2.059 ms - -[0m
[0mGET /api/verification/pending [36m304[0m 3.389 ms - -[0m
[0mGET /api/verification/stats [36m304[0m 3.329 ms - -[0m
[0mGET /api/verification/pending [36m304[0m 6.868 ms - -[0m
[0mGET /health [32m200[0m 23.868 ms - 358[0m
[0mGET /api/verification/stats [36m304[0m 2.095 ms - -[0m
[0mGET /api/verification/pending [36m304[0m 4.029 ms - -[0m
[DEBUG] Project PRJ_FLUTTER_002 verification status: approved
Creating project PRJ_FLUTTER_002 with 0.03 tons of carbon credits
Minting 0.03 additional carbon credit tokens to 0x70997970C51812dc3A010C7d01b50e0d17dc79C8 (existing project)
Additional minting transaction hash: 0x53b770dbaeb54a2154b9b4c539187679e4aaf70d6551b8fcade44a7e308ed807
[0mPOST /api/projects/PRJ_FLUTTER_002/ml-webhook [32m200[0m 136.986 ms - 239[0m
[0mGET /api/verification/stats [32m200[0m 1.194 ms - 127[0m
[0mGET /api/verification/pending [36m304[0m 2.255 ms - -[0m
[0mGET /api/verification/stats [36m304[0m 1.089 ms - -[0m
[0mGET /api/verification/pending [36m304[0m 2.163 ms - -[0m
[0mGET /config [32m200[0m 0.173 ms - 300[0m
[0mGET /config [32m200[0m 0.227 ms - 300[0m
[0mGET /config [32m200[0m 0.086 ms - 300[0m
[DEBUG] Project PRJ_FLUTTER_002 verification status: approved
Creating project PRJ_FLUTTER_002 with 0.03 tons of carbon credits
Minting 0.03 additional carbon credit tokens to 0x70997970C51812dc3A010C7d01b50e0d17dc79C8 (existing project)
Additional minting transaction hash: 0x292df85223cb8797822245019d87f3fade3b2fec401956af63493b3bba2b3854
[0mPOST /api/projects/PRJ_FLUTTER_002/ml-webhook [32m200[0m 127.978 ms - 239[0m
[0mGET /config [32m200[0m 0.150 ms - 300[0m
[0mGET /api/verification/stats [36m304[0m 1.659 ms - -[0m
[0mGET /api/verification/pending [36m304[0m 3.013 ms - -[0m
[0mGET /health [32m200[0m 22.262 ms - 358[0m
[0mGET /health [32m200[0m 28.634 ms - 358[0m
[0mPOST /api/projects/ingest-ml-webhook [33m401[0m 0.524 ms - 63[0m
[DEBUG] Project PRJ_FLUTTER_002 verification status: approved
Creating project PRJ_FLUTTER_002 with 0.03 tons of carbon credits
Minting 0.03 additional carbon credit tokens to 0x70997970C51812dc3A010C7d01b50e0d17dc79C8 (existing project)
Additional minting transaction hash: 0x1a79cad278a8daed6f665b6138e21c1d659c0b7e324447a6c16a06b48d508ebb
[0mPOST /api/projects/PRJ_FLUTTER_002/ml-webhook [32m200[0m 123.395 ms - 239[0m
[0mGET /config [32m200[0m 0.134 ms - 300[0m
[0mPOST /api/projects/ingest-ml-webhook [33m401[0m 0.213 ms - 63[0m
[DEBUG] Project PRJ_FLUTTER_002 verification status: approved
Creating project PRJ_FLUTTER_002 with 0.03 tons of carbon credits
Minting 0.03 additional carbon credit tokens to 0x70997970C51812dc3A010C7d01b50e0d17dc79C8 (existing project)
Additional minting transaction hash: 0x6e63e821e80cf895eb73c99f07ee73290778abfac8d1883ac71fa59633bda2a3
[0mPOST /api/projects/PRJ_FLUTTER_002/ml-webhook [32m200[0m 121.266 ms - 239[0m
[0mGET /config [32m200[0m 0.133 ms - 300[0m
[0mPOST /api/projects/ingest-ml-webhook [33m401[0m 0.080 ms - 63[0m
[0mPOST /api/projects/demo-project/ml-webhook [32m200[0m 6.963 ms - 166[0m
[DEBUG] Project demo-project verification status: pending
[0mPOST /api/projects/demo-project/ml-webhook [33m400[0m 3.063 ms - 252[0m
[DEBUG] Project demo-project verification status: pending
[0mPOST /api/projects/demo-project/ml-webhook [33m400[0m 3.259 ms - 252[0m
[DEBUG] Project test-project-1758842500 verification status: pending
[0mPOST /api/projects/test-project-1758842500/ml-webhook [33m400[0m 5.040 ms - 263[0m
[0mGET /api/projects/public/summaries [32m200[0m 2.731 ms - 2481[0m
[0mGET /api/projects/public/summaries [32m200[0m 2.027 ms - 2481[0m
[0mPOST /api/projects/PRJ_FLUTTER_001/ml-webhook [32m200[0m 2.350 ms - 169[0m
[0mPOST /api/projects/PRJ_FLUTTER_001/ml-webhook [32m200[0m 2.077 ms - 171[0m
[0mPOST /api/projects/create-biomass-demo [33m401[0m 0.109 ms - 63[0m
[0mPOST /api/projects/create-biomass-demo [33m401[0m 0.098 ms - 63[0m
[0mPOST /api/public/projects/create-biomass-demo [33m404[0m 0.165 ms - 52[0m
